<!DOCTYPE html> 
	<html> 
		<body> 
			<h1>Invoice</h1> 
			<p><b>Client :</b> BigCo</h2> 
			<table style="width: 400px" border="1px solid black"> 
				<tr> 
					 <th>Piece</th> 
					 <th>Seats sold</th> 
					 <th>Price</th> 
				</tr> 
				<tr> 
					 <td>Hamlet</td> 
					 <td>55</td> 
					 <td>$650.00</td> 
				</tr> 
				<tr> 
					 <td>As You Like It</td> 
					 <td>35</td> 
					 <td>$580.00</td> 
				</tr> 
				<tr> 
					 <td>Othello</td> 
					 <td>40</td> 
					 <td>$500.00</td> 
				</tr> 
				<tr> 
					 <td colspan="2" style="text-align: right;"><b>Total owed:<b></td> 
					 <td>$1,715.00</td> 
				</tr> 
				<tr> 
					 <td colspan="2" style="text-align: right;"><b>Fidelity points earned:<b></td> 
					 <td>0</td> 
				</tr> 
			</table> 
			<p>You have been deducted of 150 credits and 15$</p> 
			<p>Payment is required under 30 days. We can break your knees if you don't do so.</p> 
		</body> 
	</html> 